// Jest Snapshot v1, https://goo.gl/fbAQLP

exports[`Snapshot sum 1`] = `6084`;
